// Vitest Snapshot v1, https://vitest.dev/guide/snapshot.html

exports[`should match with snapshot 1`] = `
{
  "Parameters": {
    "BootstrapVersion": {
      "Default": "/cdk-bootstrap/hnb659fds/version",
      "Description": "Version of the CDK Bootstrap resources in this environment, automatically retrieved from SSM Parameter Store. [cdk:skip]",
      "Type": "AWS::SSM::Parameter::Value<String>",
    },
  },
  "Resources": {
    "Alarm7103F465": {
      "Properties": {
        "AlarmActions": [
          {
            "Ref": "TopicBFC7AF6E",
          },
        ],
        "AlarmDescription": "No writes to table",
        "AlarmName": "energy-meter",
        "ComparisonOperator": "LessThanOrEqualToThreshold",
        "Dimensions": [
          {
            "Name": "TableName",
            "Value": {
              "Ref": "TableCD117FA1",
            },
          },
        ],
        "EvaluationPeriods": 1,
        "MetricName": "ConsumedWriteCapacityUnits",
        "Namespace": "AWS/DynamoDB",
        "Period": 3600,
        "Statistic": "Sum",
        "Threshold": 0,
      },
      "Type": "AWS::CloudWatch::Alarm",
    },
    "TableCD117FA1": {
      "DeletionPolicy": "Delete",
      "Properties": {
        "AttributeDefinitions": [
          {
            "AttributeName": "date",
            "AttributeType": "S",
          },
          {
            "AttributeName": "time",
            "AttributeType": "S",
          },
        ],
        "BillingMode": "PAY_PER_REQUEST",
        "KeySchema": [
          {
            "AttributeName": "date",
            "KeyType": "HASH",
          },
          {
            "AttributeName": "time",
            "KeyType": "RANGE",
          },
        ],
        "TableName": "energy-meter",
      },
      "Type": "AWS::DynamoDB::Table",
      "UpdateReplacePolicy": "Delete",
    },
    "TopicBFC7AF6E": {
      "Properties": {
        "TopicName": "energy-meter",
      },
      "Type": "AWS::SNS::Topic",
    },
    "Topictestexamplecom07E55C1F": {
      "Properties": {
        "Endpoint": "test@example.com",
        "Protocol": "email",
        "TopicArn": {
          "Ref": "TopicBFC7AF6E",
        },
      },
      "Type": "AWS::SNS::Subscription",
    },
    "User00B015A1": {
      "Properties": {
        "UserName": "energy-meter",
      },
      "Type": "AWS::IAM::User",
    },
    "UserDefaultPolicy1F97781E": {
      "Properties": {
        "PolicyDocument": {
          "Statement": [
            {
              "Action": "dynamodb:PutItem",
              "Effect": "Allow",
              "Resource": {
                "Fn::GetAtt": [
                  "TableCD117FA1",
                  "Arn",
                ],
              },
            },
          ],
          "Version": "2012-10-17",
        },
        "PolicyName": "UserDefaultPolicy1F97781E",
        "Users": [
          {
            "Ref": "User00B015A1",
          },
        ],
      },
      "Type": "AWS::IAM::Policy",
    },
  },
  "Rules": {
    "CheckBootstrapVersion": {
      "Assertions": [
        {
          "Assert": {
            "Fn::Not": [
              {
                "Fn::Contains": [
                  [
                    "1",
                    "2",
                    "3",
                    "4",
                    "5",
                  ],
                  {
                    "Ref": "BootstrapVersion",
                  },
                ],
              },
            ],
          },
          "AssertDescription": "CDK bootstrap stack version 6 required. Please run 'cdk bootstrap' with a recent version of the CDK CLI.",
        },
      ],
    },
  },
}
`;
